
> email-software-complet@1.0.0 build
> prisma generate && next build

Environment variables loaded from .env
Prisma schema loaded from prisma\schema.prisma

Γ£ö Generated Prisma Client (v5.22.0) to .\node_modules\@prisma\client in 184ms

Start by importing your Prisma Client (See: https://pris.ly/d/importing-client)

Tip: Want to react to database changes in your app as they happen? Discover how with Pulse: https://pris.ly/tip-1-pulse

  Γû▓ Next.js 14.2.33
  - Environments: .env.production, .env

   Creating an optimized production build ...
 Γ£ô Compiled successfully
   Skipping linting
   Checking validity of types ...
node.exe : Failed to compile.
At line:1 char:1
+ & "C:\Program Files\nodejs/node.exe" "C:\Program Files\nodejs/node_mo ...
+ ~~~~~~~~~~~~~~~~~~~~~~~~~~~~~~~~~~~~~~~~~~~~~~~~~~~~~~~~~~~~~~~~~~~~~
    + CategoryInfo          : NotSpecified: (Failed to compile.:String) [], RemoteException
    + FullyQualifiedErrorId : NativeCommandError
 

./app/(mail)/history/HistoryClient.tsx:4:1
Type error: All imports in import declaration are unused.

[0m [90m 2 |[39m[0m
[0m [90m 3 |[39m [36mimport[39m { useEffect[33m,[39m useState } [36mfrom[39m [32m'react'[39m[33m;[39m[0m
[0m[31m[1m>[22m[39m[90m 4 |[39m [36mimport[39m type { [33mMessageWithRelations[39m[33m,[39m 
[33mRecipientWithRelations[39m } [36mfrom[39m [32m'@/types/api'[39m[33m;[39m[0m
[0m [90m   |[39m [31m[1m^[22m[39m[0m
[0m [90m 5 |[39m[0m
[0m [90m 6 |[39m [36mexport[39m [36mconst[39m dynamic [33m=[39m [32m'force-dynamic'[39m[33m;[39m[0m
[0m [90m 7 |[39m[0m
Next.js build worker exited with code: 1 and signal: null
